// Jest Snapshot v1, https://goo.gl/fbAQLP

exports[`TeamSettings renders 1`] = `
<div>
  <h2
    class="title"
  >
    Team
  </h2>
  <table
    class="form-table"
    role="presentation"
  >
    <tbody>
      <tr>
        <th
          scope="row"
        >
          <label
            for="team-0[account_id]"
          >
            TrustedLogin Account ID
          </label>
        </th>
        <td>
          <input
            class="regular-text ltr"
            id="team-0[account_id]"
            name="team-0[account_id]"
            type="input"
            value="7"
          />
        </td>
      </tr>
      <tr>
        <th
          scope="row"
        >
          <label
            for="team-0[api_key]"
          >
            TrustedLogin API Key
          </label>
        </th>
        <td>
          <input
            class="regular-text ltr"
            id="team-0[api_key]"
            name="team-0[api_key]"
            type="input"
            value="ak_1"
          />
        </td>
      </tr>
      <tr>
        <th
          scope="row"
        >
          <label
            for="team-0[private_key]"
          >
            TrustedLogin Private Key
          </label>
        </th>
        <td>
          <input
            class="regular-text ltr"
            id="team-0[private_key]"
            name="team-0[private_key]"
            type="input"
            value="pk_1"
          />
        </td>
      </tr>
      <tr>
        <th
          scope="row"
        >
          <label
            for="team-0[approved_roles]"
          >
            What user roles provide support?
          </label>
          <span
            class="description"
            id="team-0[approved_roles]-description"
          >
            Which users should be able to log into customersâ€™ sites if they have an Access Key?
          </span>
        </th>
        <td
          data-children-count="1"
        >
          <select />
        </td>
      </tr>
      <tr>
        <th
          scope="row"
        >
          <label
            for="team-0[helpdesk]"
          >
            Which helpdesk software are you using?
          </label>
        </th>
        <td
          data-children-count="1"
        >
          <select>
            <option
              class="level-0"
              value="helpscout"
            >
              Helpscout
            </option>
          </select>
        </td>
      </tr>
    </tbody>
  </table>
</div>
`;
